[aiter] import [module_aiter_core] under /var/home/my_InferenceX/InferenceX/local_bench_qwen3.8/qsa_hip_tuning/baseline/jit/module_aiter_core.so
[aiter] import [mha_varlen_fwd_bf16_nlogits_nbias_nmask_nlse_ndropout_nskip_nqscale] under /var/home/my_InferenceX/InferenceX/local_bench_qwen3.8/qsa_hip_tuning/baseline/jit/mha_varlen_fwd_bf16_nlogits_nbias_nmask_nlse_ndropout_nskip_nqscale.so
/opt/venv/lib/python3.12/site-packages/torch/profiler/profiler.py:224: UserWarning: Warning: Profiler clears events at the end of each cycle.Only events from the current cycle will be reported.To keep events across cycles, set acc_events=True.
  _warn_once(
[W928 11:22:33.435208101 collection.cpp:1148] Warning: ROCTracer produced duplicate flow start: 4 (function operator())
decode C= 1 rows= 1 context=32679 KV=2051..2051 median=130.228 us symbol_match=True
decode C= 1 rows= 1 context=32680 KV=2048..2048 median=126.411 us symbol_match=True
decode C= 1 rows= 1 context=32681 KV=2049..2049 median=130.694 us symbol_match=True
decode C= 1 rows= 1 context=32682 KV=2050..2050 median=131.206 us symbol_match=True
decode C= 1 rows= 1 context=49017 KV=2049..2049 median=131.280 us symbol_match=True
decode C= 1 rows= 1 context=65356 KV=2048..2048 median=126.011 us symbol_match=True
verify C= 1 rows= 4 context=32679 KV=2048..2051 median=148.057 us symbol_match=True
verify C= 1 rows= 4 context=32680 KV=2048..2051 median=148.052 us symbol_match=True
verify C= 1 rows= 4 context=32681 KV=2048..2051 median=148.033 us symbol_match=True
verify C= 1 rows= 4 context=32682 KV=2048..2051 median=147.911 us symbol_match=True
verify C= 1 rows= 4 context=49017 KV=2048..2051 median=148.118 us symbol_match=True
verify C= 1 rows= 4 context=65356 KV=2048..2051 median=148.147 us symbol_match=True
decode C= 4 rows= 4 context=32679 KV=2051..2051 median=148.163 us symbol_match=True
decode C= 4 rows= 4 context=32680 KV=2048..2048 median=143.666 us symbol_match=True
decode C= 4 rows= 4 context=32681 KV=2049..2049 median=148.103 us symbol_match=True
decode C= 4 rows= 4 context=32682 KV=2050..2050 median=148.061 us symbol_match=True
decode C= 4 rows= 4 context=49017 KV=2049..2049 median=148.027 us symbol_match=True
decode C= 4 rows= 4 context=65356 KV=2048..2048 median=143.639 us symbol_match=True
verify C= 4 rows=16 context=32679 KV=2048..2051 median=294.186 us symbol_match=True
verify C= 4 rows=16 context=32680 KV=2048..2051 median=294.108 us symbol_match=True
verify C= 4 rows=16 context=32681 KV=2048..2051 median=293.733 us symbol_match=True
verify C= 4 rows=16 context=32682 KV=2048..2051 median=293.995 us symbol_match=True
verify C= 4 rows=16 context=49017 KV=2048..2051 median=293.869 us symbol_match=True
verify C= 4 rows=16 context=65356 KV=2048..2051 median=294.212 us symbol_match=True
decode C= 8 rows= 8 context=32679 KV=2051..2051 median=148.936 us symbol_match=True
decode C= 8 rows= 8 context=32680 KV=2048..2048 median=144.292 us symbol_match=True
decode C= 8 rows= 8 context=32681 KV=2049..2049 median=148.761 us symbol_match=True
decode C= 8 rows= 8 context=32682 KV=2050..2050 median=148.921 us symbol_match=True
decode C= 8 rows= 8 context=49017 KV=2049..2049 median=148.846 us symbol_match=True
decode C= 8 rows= 8 context=65356 KV=2048..2048 median=144.301 us symbol_match=True
verify C= 8 rows=32 context=32679 KV=2048..2051 median=443.068 us symbol_match=True
verify C= 8 rows=32 context=32680 KV=2048..2051 median=442.701 us symbol_match=True
verify C= 8 rows=32 context=32681 KV=2048..2051 median=442.220 us symbol_match=True
verify C= 8 rows=32 context=32682 KV=2048..2051 median=442.953 us symbol_match=True
verify C= 8 rows=32 context=49017 KV=2048..2051 median=442.517 us symbol_match=True
verify C= 8 rows=32 context=65356 KV=2048..2051 median=442.457 us symbol_match=True
decode C=16 rows=16 context=32679 KV=2051..2051 median=294.381 us symbol_match=True
decode C=16 rows=16 context=32680 KV=2048..2048 median=284.915 us symbol_match=True
decode C=16 rows=16 context=32681 KV=2049..2049 median=294.075 us symbol_match=True
decode C=16 rows=16 context=32682 KV=2050..2050 median=294.137 us symbol_match=True
decode C=16 rows=16 context=49017 KV=2049..2049 median=294.208 us symbol_match=True
decode C=16 rows=16 context=65356 KV=2048..2048 median=284.830 us symbol_match=True
verify C=16 rows=64 context=32679 KV=2048..2051 median=885.856 us symbol_match=True
verify C=16 rows=64 context=32680 KV=2048..2051 median=885.645 us symbol_match=True
verify C=16 rows=64 context=32681 KV=2048..2051 median=882.854 us symbol_match=True
verify C=16 rows=64 context=32682 KV=2048..2051 median=889.511 us symbol_match=True
verify C=16 rows=64 context=49017 KV=2048..2051 median=881.977 us symbol_match=True
verify C=16 rows=64 context=65356 KV=2048..2051 median=887.817 us symbol_match=True
