[aiter] import [module_aiter_core] under /var/home/my_InferenceX/InferenceX/local_bench_qwen3.8/qsa_hip_tuning/baseline/jit/module_aiter_core.so
[aiter] import [mha_varlen_fwd_bf16_nlogits_nbias_nmask_nlse_ndropout_nskip_nqscale] under /var/home/my_InferenceX/InferenceX/local_bench_qwen3.8/qsa_hip_tuning/baseline/jit/mha_varlen_fwd_bf16_nlogits_nbias_nmask_nlse_ndropout_nskip_nqscale.so
/opt/venv/lib/python3.12/site-packages/torch/profiler/profiler.py:224: UserWarning: Warning: Profiler clears events at the end of each cycle.Only events from the current cycle will be reported.To keep events across cycles, set acc_events=True.
  _warn_once(
[W928 11:20:52.587769172 collection.cpp:1148] Warning: ROCTracer produced duplicate flow start: 4 (function operator())
decode C= 1 rows= 1 context=32679 KV=2051..2051 median=130.815 us symbol_match=True
decode C= 1 rows= 1 context=32680 KV=2048..2048 median=126.921 us symbol_match=True
decode C= 1 rows= 1 context=32681 KV=2049..2049 median=130.910 us symbol_match=True
decode C= 1 rows= 1 context=32682 KV=2050..2050 median=130.284 us symbol_match=True
decode C= 1 rows= 1 context=49017 KV=2049..2049 median=130.518 us symbol_match=True
decode C= 1 rows= 1 context=65356 KV=2048..2048 median=127.317 us symbol_match=True
verify C= 1 rows= 4 context=32679 KV=2048..2051 median=147.886 us symbol_match=True
verify C= 1 rows= 4 context=32680 KV=2048..2051 median=147.925 us symbol_match=True
verify C= 1 rows= 4 context=32681 KV=2048..2051 median=147.984 us symbol_match=True
verify C= 1 rows= 4 context=32682 KV=2048..2051 median=147.889 us symbol_match=True
verify C= 1 rows= 4 context=49017 KV=2048..2051 median=147.865 us symbol_match=True
verify C= 1 rows= 4 context=65356 KV=2048..2051 median=148.090 us symbol_match=True
decode C= 4 rows= 4 context=32679 KV=2051..2051 median=148.146 us symbol_match=True
decode C= 4 rows= 4 context=32680 KV=2048..2048 median=143.605 us symbol_match=True
decode C= 4 rows= 4 context=32681 KV=2049..2049 median=148.069 us symbol_match=True
decode C= 4 rows= 4 context=32682 KV=2050..2050 median=148.058 us symbol_match=True
decode C= 4 rows= 4 context=49017 KV=2049..2049 median=148.023 us symbol_match=True
decode C= 4 rows= 4 context=65356 KV=2048..2048 median=143.647 us symbol_match=True
verify C= 4 rows=16 context=32679 KV=2048..2051 median=294.282 us symbol_match=True
verify C= 4 rows=16 context=32680 KV=2048..2051 median=293.918 us symbol_match=True
verify C= 4 rows=16 context=32681 KV=2048..2051 median=293.886 us symbol_match=True
verify C= 4 rows=16 context=32682 KV=2048..2051 median=293.930 us symbol_match=True
verify C= 4 rows=16 context=49017 KV=2048..2051 median=293.678 us symbol_match=True
verify C= 4 rows=16 context=65356 KV=2048..2051 median=293.929 us symbol_match=True
decode C= 8 rows= 8 context=32679 KV=2051..2051 median=148.966 us symbol_match=True
decode C= 8 rows= 8 context=32680 KV=2048..2048 median=144.218 us symbol_match=True
decode C= 8 rows= 8 context=32681 KV=2049..2049 median=148.947 us symbol_match=True
decode C= 8 rows= 8 context=32682 KV=2050..2050 median=148.867 us symbol_match=True
decode C= 8 rows= 8 context=49017 KV=2049..2049 median=148.892 us symbol_match=True
decode C= 8 rows= 8 context=65356 KV=2048..2048 median=144.221 us symbol_match=True
verify C= 8 rows=32 context=32679 KV=2048..2051 median=442.999 us symbol_match=True
verify C= 8 rows=32 context=32680 KV=2048..2051 median=442.983 us symbol_match=True
verify C= 8 rows=32 context=32681 KV=2048..2051 median=442.387 us symbol_match=True
verify C= 8 rows=32 context=32682 KV=2048..2051 median=443.355 us symbol_match=True
verify C= 8 rows=32 context=49017 KV=2048..2051 median=442.213 us symbol_match=True
verify C= 8 rows=32 context=65356 KV=2048..2051 median=442.712 us symbol_match=True
decode C=16 rows=16 context=32679 KV=2051..2051 median=294.549 us symbol_match=True
decode C=16 rows=16 context=32680 KV=2048..2048 median=285.035 us symbol_match=True
decode C=16 rows=16 context=32681 KV=2049..2049 median=294.291 us symbol_match=True
decode C=16 rows=16 context=32682 KV=2050..2050 median=294.013 us symbol_match=True
decode C=16 rows=16 context=49017 KV=2049..2049 median=294.101 us symbol_match=True
decode C=16 rows=16 context=65356 KV=2048..2048 median=284.872 us symbol_match=True
verify C=16 rows=64 context=32679 KV=2048..2051 median=882.870 us symbol_match=True
verify C=16 rows=64 context=32680 KV=2048..2051 median=881.672 us symbol_match=True
verify C=16 rows=64 context=32681 KV=2048..2051 median=880.597 us symbol_match=True
verify C=16 rows=64 context=32682 KV=2048..2051 median=883.381 us symbol_match=True
verify C=16 rows=64 context=49017 KV=2048..2051 median=881.411 us symbol_match=True
verify C=16 rows=64 context=65356 KV=2048..2051 median=885.062 us symbol_match=True
