[aiter] import [module_aiter_core] under /var/home/my_InferenceX/InferenceX/local_bench_qwen3.8/qsa_hip_tuning/baseline/jit/module_aiter_core.so
[aiter] import [mha_varlen_fwd_bf16_nlogits_nbias_nmask_nlse_ndropout_nskip_nqscale] under /var/home/my_InferenceX/InferenceX/local_bench_qwen3.8/qsa_hip_tuning/baseline/jit/mha_varlen_fwd_bf16_nlogits_nbias_nmask_nlse_ndropout_nskip_nqscale.so
/opt/venv/lib/python3.12/site-packages/torch/profiler/profiler.py:224: UserWarning: Warning: Profiler clears events at the end of each cycle.Only events from the current cycle will be reported.To keep events across cycles, set acc_events=True.
  _warn_once(
[W928 11:11:18.348619351 collection.cpp:1148] Warning: ROCTracer produced duplicate flow start: 4 (function operator())
decode C= 1 rows= 1 context=32679 KV=2051..2051 median=130.863 us symbol_match=True
decode C= 1 rows= 1 context=32680 KV=2048..2048 median=126.751 us symbol_match=True
decode C= 1 rows= 1 context=32681 KV=2049..2049 median=130.785 us symbol_match=True
decode C= 1 rows= 1 context=32682 KV=2050..2050 median=130.595 us symbol_match=True
decode C= 1 rows= 1 context=49017 KV=2049..2049 median=130.493 us symbol_match=True
decode C= 1 rows= 1 context=65356 KV=2048..2048 median=126.571 us symbol_match=True
verify C= 1 rows= 4 context=32679 KV=2048..2051 median=147.751 us symbol_match=True
verify C= 1 rows= 4 context=32680 KV=2048..2051 median=147.813 us symbol_match=True
verify C= 1 rows= 4 context=32681 KV=2048..2051 median=147.867 us symbol_match=True
verify C= 1 rows= 4 context=32682 KV=2048..2051 median=147.677 us symbol_match=True
verify C= 1 rows= 4 context=49017 KV=2048..2051 median=147.669 us symbol_match=True
verify C= 1 rows= 4 context=65356 KV=2048..2051 median=147.761 us symbol_match=True
decode C= 4 rows= 4 context=32679 KV=2051..2051 median=147.821 us symbol_match=True
decode C= 4 rows= 4 context=32680 KV=2048..2048 median=143.441 us symbol_match=True
decode C= 4 rows= 4 context=32681 KV=2049..2049 median=147.777 us symbol_match=True
decode C= 4 rows= 4 context=32682 KV=2050..2050 median=147.811 us symbol_match=True
decode C= 4 rows= 4 context=49017 KV=2049..2049 median=147.935 us symbol_match=True
decode C= 4 rows= 4 context=65356 KV=2048..2048 median=143.469 us symbol_match=True
verify C= 4 rows=16 context=32679 KV=2048..2051 median=293.920 us symbol_match=True
verify C= 4 rows=16 context=32680 KV=2048..2051 median=293.900 us symbol_match=True
verify C= 4 rows=16 context=32681 KV=2048..2051 median=293.748 us symbol_match=True
verify C= 4 rows=16 context=32682 KV=2048..2051 median=293.858 us symbol_match=True
verify C= 4 rows=16 context=49017 KV=2048..2051 median=293.574 us symbol_match=True
verify C= 4 rows=16 context=65356 KV=2048..2051 median=293.810 us symbol_match=True
decode C= 8 rows= 8 context=32679 KV=2051..2051 median=148.873 us symbol_match=True
decode C= 8 rows= 8 context=32680 KV=2048..2048 median=144.033 us symbol_match=True
decode C= 8 rows= 8 context=32681 KV=2049..2049 median=148.583 us symbol_match=True
decode C= 8 rows= 8 context=32682 KV=2050..2050 median=148.699 us symbol_match=True
decode C= 8 rows= 8 context=49017 KV=2049..2049 median=148.649 us symbol_match=True
decode C= 8 rows= 8 context=65356 KV=2048..2048 median=144.159 us symbol_match=True
verify C= 8 rows=32 context=32679 KV=2048..2051 median=442.508 us symbol_match=True
verify C= 8 rows=32 context=32680 KV=2048..2051 median=442.273 us symbol_match=True
verify C= 8 rows=32 context=32681 KV=2048..2051 median=441.814 us symbol_match=True
verify C= 8 rows=32 context=32682 KV=2048..2051 median=442.636 us symbol_match=True
verify C= 8 rows=32 context=49017 KV=2048..2051 median=441.650 us symbol_match=True
verify C= 8 rows=32 context=65356 KV=2048..2051 median=442.268 us symbol_match=True
decode C=16 rows=16 context=32679 KV=2051..2051 median=294.458 us symbol_match=True
decode C=16 rows=16 context=32680 KV=2048..2048 median=285.038 us symbol_match=True
decode C=16 rows=16 context=32681 KV=2049..2049 median=294.142 us symbol_match=True
decode C=16 rows=16 context=32682 KV=2050..2050 median=294.160 us symbol_match=True
decode C=16 rows=16 context=49017 KV=2049..2049 median=294.150 us symbol_match=True
decode C=16 rows=16 context=65356 KV=2048..2048 median=284.816 us symbol_match=True
verify C=16 rows=64 context=32679 KV=2048..2051 median=880.193 us symbol_match=True
verify C=16 rows=64 context=32680 KV=2048..2051 median=879.691 us symbol_match=True
verify C=16 rows=64 context=32681 KV=2048..2051 median=879.191 us symbol_match=True
verify C=16 rows=64 context=32682 KV=2048..2051 median=881.325 us symbol_match=True
verify C=16 rows=64 context=49017 KV=2048..2051 median=878.703 us symbol_match=True
verify C=16 rows=64 context=65356 KV=2048..2051 median=879.781 us symbol_match=True
