[aiter] import [module_aiter_core] under /var/home/my_InferenceX/InferenceX/local_bench_qwen3.8/qsa_hip_tuning/m16_n128/jit/module_aiter_core.so
[aiter] import [mha_varlen_fwd_bf16_nlogits_nbias_nmask_nlse_ndropout_nskip_nqscale] under /var/home/my_InferenceX/InferenceX/local_bench_qwen3.8/qsa_hip_tuning/m16_n128/jit/mha_varlen_fwd_bf16_nlogits_nbias_nmask_nlse_ndropout_nskip_nqscale.so
/opt/venv/lib/python3.12/site-packages/torch/profiler/profiler.py:224: UserWarning: Warning: Profiler clears events at the end of each cycle.Only events from the current cycle will be reported.To keep events across cycles, set acc_events=True.
  _warn_once(
[W928 11:21:48.609971255 collection.cpp:1148] Warning: ROCTracer produced duplicate flow start: 4 (function operator())
decode C= 1 rows= 1 context=32679 KV=2051..2051 median=130.718 us symbol_match=False
decode C= 1 rows= 1 context=32680 KV=2048..2048 median=122.971 us symbol_match=False
decode C= 1 rows= 1 context=32681 KV=2049..2049 median=130.578 us symbol_match=False
decode C= 1 rows= 1 context=32682 KV=2050..2050 median=130.565 us symbol_match=False
decode C= 1 rows= 1 context=49017 KV=2049..2049 median=130.492 us symbol_match=False
decode C= 1 rows= 1 context=65356 KV=2048..2048 median=123.002 us symbol_match=False
verify C= 1 rows= 4 context=32679 KV=2048..2051 median=132.058 us symbol_match=False
verify C= 1 rows= 4 context=32680 KV=2048..2051 median=132.236 us symbol_match=False
verify C= 1 rows= 4 context=32681 KV=2048..2051 median=132.255 us symbol_match=False
verify C= 1 rows= 4 context=32682 KV=2048..2051 median=132.171 us symbol_match=False
verify C= 1 rows= 4 context=49017 KV=2048..2051 median=132.247 us symbol_match=False
verify C= 1 rows= 4 context=65356 KV=2048..2051 median=132.480 us symbol_match=False
decode C= 4 rows= 4 context=32679 KV=2051..2051 median=132.204 us symbol_match=False
decode C= 4 rows= 4 context=32680 KV=2048..2048 median=123.897 us symbol_match=False
decode C= 4 rows= 4 context=32681 KV=2049..2049 median=132.293 us symbol_match=False
decode C= 4 rows= 4 context=32682 KV=2050..2050 median=131.961 us symbol_match=False
decode C= 4 rows= 4 context=49017 KV=2049..2049 median=132.266 us symbol_match=False
decode C= 4 rows= 4 context=65356 KV=2048..2048 median=123.755 us symbol_match=False
verify C= 4 rows=16 context=32679 KV=2048..2051 median=141.297 us symbol_match=False
verify C= 4 rows=16 context=32680 KV=2048..2051 median=141.338 us symbol_match=False
verify C= 4 rows=16 context=32681 KV=2048..2051 median=141.428 us symbol_match=False
verify C= 4 rows=16 context=32682 KV=2048..2051 median=141.354 us symbol_match=False
verify C= 4 rows=16 context=49017 KV=2048..2051 median=141.676 us symbol_match=False
verify C= 4 rows=16 context=65356 KV=2048..2051 median=141.367 us symbol_match=False
decode C= 8 rows= 8 context=32679 KV=2051..2051 median=132.933 us symbol_match=False
decode C= 8 rows= 8 context=32680 KV=2048..2048 median=124.619 us symbol_match=False
decode C= 8 rows= 8 context=32681 KV=2049..2049 median=132.993 us symbol_match=False
decode C= 8 rows= 8 context=32682 KV=2050..2050 median=133.126 us symbol_match=False
decode C= 8 rows= 8 context=49017 KV=2049..2049 median=133.052 us symbol_match=False
decode C= 8 rows= 8 context=65356 KV=2048..2048 median=124.648 us symbol_match=False
verify C= 8 rows=32 context=32679 KV=2048..2051 median=169.008 us symbol_match=False
verify C= 8 rows=32 context=32680 KV=2048..2051 median=169.031 us symbol_match=False
verify C= 8 rows=32 context=32681 KV=2048..2051 median=168.787 us symbol_match=False
verify C= 8 rows=32 context=32682 KV=2048..2051 median=168.627 us symbol_match=False
verify C= 8 rows=32 context=49017 KV=2048..2051 median=168.762 us symbol_match=False
verify C= 8 rows=32 context=65356 KV=2048..2051 median=168.956 us symbol_match=False
decode C=16 rows=16 context=32679 KV=2051..2051 median=141.320 us symbol_match=False
decode C=16 rows=16 context=32680 KV=2048..2048 median=132.530 us symbol_match=False
decode C=16 rows=16 context=32681 KV=2049..2049 median=141.637 us symbol_match=False
decode C=16 rows=16 context=32682 KV=2050..2050 median=141.486 us symbol_match=False
decode C=16 rows=16 context=49017 KV=2049..2049 median=141.414 us symbol_match=False
decode C=16 rows=16 context=65356 KV=2048..2048 median=132.574 us symbol_match=False
verify C=16 rows=64 context=32679 KV=2048..2051 median=396.657 us symbol_match=False
verify C=16 rows=64 context=32680 KV=2048..2051 median=396.180 us symbol_match=False
verify C=16 rows=64 context=32681 KV=2048..2051 median=395.580 us symbol_match=False
verify C=16 rows=64 context=32682 KV=2048..2051 median=395.319 us symbol_match=False
verify C=16 rows=64 context=49017 KV=2048..2051 median=396.114 us symbol_match=False
verify C=16 rows=64 context=65356 KV=2048..2051 median=396.275 us symbol_match=False
