[aiter] import [module_aiter_core] under /var/home/my_InferenceX/InferenceX/local_bench_qwen3.8/qsa_hip_tuning/m16_w1/jit/module_aiter_core.so
[aiter] import [mha_varlen_fwd_bf16_nlogits_nbias_nmask_nlse_ndropout_nskip_nqscale] under /var/home/my_InferenceX/InferenceX/local_bench_qwen3.8/qsa_hip_tuning/m16_w1/jit/mha_varlen_fwd_bf16_nlogits_nbias_nmask_nlse_ndropout_nskip_nqscale.so
/opt/venv/lib/python3.12/site-packages/torch/profiler/profiler.py:224: UserWarning: Warning: Profiler clears events at the end of each cycle.Only events from the current cycle will be reported.To keep events across cycles, set acc_events=True.
  _warn_once(
[W928 11:21:37.943385759 collection.cpp:1148] Warning: ROCTracer produced duplicate flow start: 4 (function operator())
decode C= 1 rows= 1 context=32679 KV=2051..2051 median=131.490 us symbol_match=False
decode C= 1 rows= 1 context=32680 KV=2048..2048 median=127.570 us symbol_match=False
decode C= 1 rows= 1 context=32681 KV=2049..2049 median=131.498 us symbol_match=False
decode C= 1 rows= 1 context=32682 KV=2050..2050 median=131.768 us symbol_match=False
decode C= 1 rows= 1 context=49017 KV=2049..2049 median=131.609 us symbol_match=False
decode C= 1 rows= 1 context=65356 KV=2048..2048 median=127.562 us symbol_match=False
verify C= 1 rows= 4 context=32679 KV=2048..2051 median=147.231 us symbol_match=False
verify C= 1 rows= 4 context=32680 KV=2048..2051 median=147.210 us symbol_match=False
verify C= 1 rows= 4 context=32681 KV=2048..2051 median=147.155 us symbol_match=False
verify C= 1 rows= 4 context=32682 KV=2048..2051 median=147.113 us symbol_match=False
verify C= 1 rows= 4 context=49017 KV=2048..2051 median=147.184 us symbol_match=False
verify C= 1 rows= 4 context=65356 KV=2048..2051 median=147.287 us symbol_match=False
decode C= 4 rows= 4 context=32679 KV=2051..2051 median=147.287 us symbol_match=False
decode C= 4 rows= 4 context=32680 KV=2048..2048 median=143.055 us symbol_match=False
decode C= 4 rows= 4 context=32681 KV=2049..2049 median=147.239 us symbol_match=False
decode C= 4 rows= 4 context=32682 KV=2050..2050 median=147.209 us symbol_match=False
decode C= 4 rows= 4 context=49017 KV=2049..2049 median=147.202 us symbol_match=False
decode C= 4 rows= 4 context=65356 KV=2048..2048 median=142.998 us symbol_match=False
verify C= 4 rows=16 context=32679 KV=2048..2051 median=156.525 us symbol_match=False
verify C= 4 rows=16 context=32680 KV=2048..2051 median=156.294 us symbol_match=False
verify C= 4 rows=16 context=32681 KV=2048..2051 median=156.337 us symbol_match=False
verify C= 4 rows=16 context=32682 KV=2048..2051 median=156.399 us symbol_match=False
verify C= 4 rows=16 context=49017 KV=2048..2051 median=156.506 us symbol_match=False
verify C= 4 rows=16 context=65356 KV=2048..2051 median=156.485 us symbol_match=False
decode C= 8 rows= 8 context=32679 KV=2051..2051 median=147.954 us symbol_match=False
decode C= 8 rows= 8 context=32680 KV=2048..2048 median=143.716 us symbol_match=False
decode C= 8 rows= 8 context=32681 KV=2049..2049 median=147.882 us symbol_match=False
decode C= 8 rows= 8 context=32682 KV=2050..2050 median=147.862 us symbol_match=False
decode C= 8 rows= 8 context=49017 KV=2049..2049 median=147.890 us symbol_match=False
decode C= 8 rows= 8 context=65356 KV=2048..2048 median=143.667 us symbol_match=False
verify C= 8 rows=32 context=32679 KV=2048..2051 median=177.136 us symbol_match=False
verify C= 8 rows=32 context=32680 KV=2048..2051 median=177.027 us symbol_match=False
verify C= 8 rows=32 context=32681 KV=2048..2051 median=177.227 us symbol_match=False
verify C= 8 rows=32 context=32682 KV=2048..2051 median=177.235 us symbol_match=False
verify C= 8 rows=32 context=49017 KV=2048..2051 median=177.171 us symbol_match=False
verify C= 8 rows=32 context=65356 KV=2048..2051 median=177.181 us symbol_match=False
decode C=16 rows=16 context=32679 KV=2051..2051 median=156.775 us symbol_match=False
decode C=16 rows=16 context=32680 KV=2048..2048 median=152.239 us symbol_match=False
decode C=16 rows=16 context=32681 KV=2049..2049 median=156.787 us symbol_match=False
decode C=16 rows=16 context=32682 KV=2050..2050 median=156.854 us symbol_match=False
decode C=16 rows=16 context=49017 KV=2049..2049 median=156.780 us symbol_match=False
decode C=16 rows=16 context=65356 KV=2048..2048 median=152.247 us symbol_match=False
verify C=16 rows=64 context=32679 KV=2048..2051 median=388.595 us symbol_match=False
verify C=16 rows=64 context=32680 KV=2048..2051 median=388.079 us symbol_match=False
verify C=16 rows=64 context=32681 KV=2048..2051 median=388.185 us symbol_match=False
verify C=16 rows=64 context=32682 KV=2048..2051 median=388.794 us symbol_match=False
verify C=16 rows=64 context=49017 KV=2048..2051 median=388.047 us symbol_match=False
verify C=16 rows=64 context=65356 KV=2048..2051 median=388.602 us symbol_match=False
