[aiter] import [module_aiter_core] under /var/home/my_InferenceX/InferenceX/local_bench_qwen3.8/qsa_hip_tuning/no_preload/jit/module_aiter_core.so
[aiter] import [mha_varlen_fwd_bf16_nlogits_nbias_nmask_nlse_ndropout_nskip_nqscale] under /var/home/my_InferenceX/InferenceX/local_bench_qwen3.8/qsa_hip_tuning/no_preload/jit/mha_varlen_fwd_bf16_nlogits_nbias_nmask_nlse_ndropout_nskip_nqscale.so
/opt/venv/lib/python3.12/site-packages/torch/profiler/profiler.py:224: UserWarning: Warning: Profiler clears events at the end of each cycle.Only events from the current cycle will be reported.To keep events across cycles, set acc_events=True.
  _warn_once(
[W928 11:12:09.281623214 collection.cpp:1148] Warning: ROCTracer produced duplicate flow start: 4 (function operator())
decode C= 1 rows= 1 context=32679 KV=2051..2051 median=131.609 us symbol_match=True
decode C= 1 rows= 1 context=32680 KV=2048..2048 median=127.941 us symbol_match=True
decode C= 1 rows= 1 context=32681 KV=2049..2049 median=131.165 us symbol_match=True
decode C= 1 rows= 1 context=32682 KV=2050..2050 median=131.777 us symbol_match=True
decode C= 1 rows= 1 context=49017 KV=2049..2049 median=130.867 us symbol_match=True
decode C= 1 rows= 1 context=65356 KV=2048..2048 median=127.753 us symbol_match=True
verify C= 1 rows= 4 context=32679 KV=2048..2051 median=147.889 us symbol_match=True
verify C= 1 rows= 4 context=32680 KV=2048..2051 median=147.947 us symbol_match=True
verify C= 1 rows= 4 context=32681 KV=2048..2051 median=147.895 us symbol_match=True
verify C= 1 rows= 4 context=32682 KV=2048..2051 median=147.881 us symbol_match=True
verify C= 1 rows= 4 context=49017 KV=2048..2051 median=147.817 us symbol_match=True
verify C= 1 rows= 4 context=65356 KV=2048..2051 median=147.959 us symbol_match=True
decode C= 4 rows= 4 context=32679 KV=2051..2051 median=148.047 us symbol_match=True
decode C= 4 rows= 4 context=32680 KV=2048..2048 median=143.377 us symbol_match=True
decode C= 4 rows= 4 context=32681 KV=2049..2049 median=147.915 us symbol_match=True
decode C= 4 rows= 4 context=32682 KV=2050..2050 median=147.725 us symbol_match=True
decode C= 4 rows= 4 context=49017 KV=2049..2049 median=147.813 us symbol_match=True
decode C= 4 rows= 4 context=65356 KV=2048..2048 median=143.365 us symbol_match=True
verify C= 4 rows=16 context=32679 KV=2048..2051 median=293.928 us symbol_match=True
verify C= 4 rows=16 context=32680 KV=2048..2051 median=293.738 us symbol_match=True
verify C= 4 rows=16 context=32681 KV=2048..2051 median=293.780 us symbol_match=True
verify C= 4 rows=16 context=32682 KV=2048..2051 median=294.040 us symbol_match=True
verify C= 4 rows=16 context=49017 KV=2048..2051 median=293.466 us symbol_match=True
verify C= 4 rows=16 context=65356 KV=2048..2051 median=293.724 us symbol_match=True
decode C= 8 rows= 8 context=32679 KV=2051..2051 median=148.803 us symbol_match=True
decode C= 8 rows= 8 context=32680 KV=2048..2048 median=143.993 us symbol_match=True
decode C= 8 rows= 8 context=32681 KV=2049..2049 median=148.833 us symbol_match=True
decode C= 8 rows= 8 context=32682 KV=2050..2050 median=148.645 us symbol_match=True
decode C= 8 rows= 8 context=49017 KV=2049..2049 median=148.823 us symbol_match=True
decode C= 8 rows= 8 context=65356 KV=2048..2048 median=144.145 us symbol_match=True
verify C= 8 rows=32 context=32679 KV=2048..2051 median=443.416 us symbol_match=True
verify C= 8 rows=32 context=32680 KV=2048..2051 median=442.814 us symbol_match=True
verify C= 8 rows=32 context=32681 KV=2048..2051 median=442.114 us symbol_match=True
verify C= 8 rows=32 context=32682 KV=2048..2051 median=443.446 us symbol_match=True
verify C= 8 rows=32 context=49017 KV=2048..2051 median=441.888 us symbol_match=True
verify C= 8 rows=32 context=65356 KV=2048..2051 median=442.566 us symbol_match=True
decode C=16 rows=16 context=32679 KV=2051..2051 median=294.470 us symbol_match=True
decode C=16 rows=16 context=32680 KV=2048..2048 median=285.082 us symbol_match=True
decode C=16 rows=16 context=32681 KV=2049..2049 median=294.160 us symbol_match=True
decode C=16 rows=16 context=32682 KV=2050..2050 median=294.032 us symbol_match=True
decode C=16 rows=16 context=49017 KV=2049..2049 median=294.238 us symbol_match=True
decode C=16 rows=16 context=65356 KV=2048..2048 median=284.848 us symbol_match=True
verify C=16 rows=64 context=32679 KV=2048..2051 median=881.403 us symbol_match=True
verify C=16 rows=64 context=32680 KV=2048..2051 median=881.581 us symbol_match=True
verify C=16 rows=64 context=32681 KV=2048..2051 median=879.321 us symbol_match=True
verify C=16 rows=64 context=32682 KV=2048..2051 median=882.519 us symbol_match=True
verify C=16 rows=64 context=49017 KV=2048..2051 median=879.253 us symbol_match=True
verify C=16 rows=64 context=65356 KV=2048..2051 median=880.891 us symbol_match=True
