[aiter] import [module_aiter_core] under /var/home/my_InferenceX/InferenceX/local_bench_qwen3.8/qsa_hip_tuning/n128_sched/jit/module_aiter_core.so
[aiter] import [mha_varlen_fwd_bf16_nlogits_nbias_nmask_nlse_ndropout_nskip_nqscale] under /var/home/my_InferenceX/InferenceX/local_bench_qwen3.8/qsa_hip_tuning/n128_sched/jit/mha_varlen_fwd_bf16_nlogits_nbias_nmask_nlse_ndropout_nskip_nqscale.so
/opt/venv/lib/python3.12/site-packages/torch/profiler/profiler.py:224: UserWarning: Warning: Profiler clears events at the end of each cycle.Only events from the current cycle will be reported.To keep events across cycles, set acc_events=True.
  _warn_once(
[W928 11:17:44.471732055 collection.cpp:1148] Warning: ROCTracer produced duplicate flow start: 4 (function operator())
decode C= 1 rows= 1 context=32679 KV=2051..2051 median=111.679 us symbol_match=False
decode C= 1 rows= 1 context=32680 KV=2048..2048 median=105.007 us symbol_match=False
decode C= 1 rows= 1 context=32681 KV=2049..2049 median=111.705 us symbol_match=False
decode C= 1 rows= 1 context=32682 KV=2050..2050 median=111.613 us symbol_match=False
decode C= 1 rows= 1 context=49017 KV=2049..2049 median=111.753 us symbol_match=False
decode C= 1 rows= 1 context=65356 KV=2048..2048 median=105.141 us symbol_match=False
verify C= 1 rows= 4 context=32679 KV=2048..2051 median=118.481 us symbol_match=False
verify C= 1 rows= 4 context=32680 KV=2048..2051 median=118.461 us symbol_match=False
verify C= 1 rows= 4 context=32681 KV=2048..2051 median=118.595 us symbol_match=False
verify C= 1 rows= 4 context=32682 KV=2048..2051 median=118.079 us symbol_match=False
verify C= 1 rows= 4 context=49017 KV=2048..2051 median=118.517 us symbol_match=False
verify C= 1 rows= 4 context=65356 KV=2048..2051 median=118.461 us symbol_match=False
decode C= 4 rows= 4 context=32679 KV=2051..2051 median=118.673 us symbol_match=False
decode C= 4 rows= 4 context=32680 KV=2048..2048 median=110.593 us symbol_match=False
decode C= 4 rows= 4 context=32681 KV=2049..2049 median=118.659 us symbol_match=False
decode C= 4 rows= 4 context=32682 KV=2050..2050 median=118.233 us symbol_match=False
decode C= 4 rows= 4 context=49017 KV=2049..2049 median=118.589 us symbol_match=False
decode C= 4 rows= 4 context=65356 KV=2048..2048 median=110.569 us symbol_match=False
verify C= 4 rows=16 context=32679 KV=2048..2051 median=234.371 us symbol_match=False
verify C= 4 rows=16 context=32680 KV=2048..2051 median=234.601 us symbol_match=False
verify C= 4 rows=16 context=32681 KV=2048..2051 median=234.513 us symbol_match=False
verify C= 4 rows=16 context=32682 KV=2048..2051 median=234.855 us symbol_match=False
verify C= 4 rows=16 context=49017 KV=2048..2051 median=234.515 us symbol_match=False
verify C= 4 rows=16 context=65356 KV=2048..2051 median=234.581 us symbol_match=False
decode C= 8 rows= 8 context=32679 KV=2051..2051 median=119.641 us symbol_match=False
decode C= 8 rows= 8 context=32680 KV=2048..2048 median=111.505 us symbol_match=False
decode C= 8 rows= 8 context=32681 KV=2049..2049 median=119.413 us symbol_match=False
decode C= 8 rows= 8 context=32682 KV=2050..2050 median=119.439 us symbol_match=False
decode C= 8 rows= 8 context=49017 KV=2049..2049 median=119.489 us symbol_match=False
decode C= 8 rows= 8 context=65356 KV=2048..2048 median=111.609 us symbol_match=False
verify C= 8 rows=32 context=32679 KV=2048..2051 median=355.258 us symbol_match=False
verify C= 8 rows=32 context=32680 KV=2048..2051 median=354.736 us symbol_match=False
verify C= 8 rows=32 context=32681 KV=2048..2051 median=353.724 us symbol_match=False
verify C= 8 rows=32 context=32682 KV=2048..2051 median=355.186 us symbol_match=False
verify C= 8 rows=32 context=49017 KV=2048..2051 median=353.726 us symbol_match=False
verify C= 8 rows=32 context=65356 KV=2048..2051 median=354.946 us symbol_match=False
decode C=16 rows=16 context=32679 KV=2051..2051 median=234.861 us symbol_match=False
decode C=16 rows=16 context=32680 KV=2048..2048 median=219.859 us symbol_match=False
decode C=16 rows=16 context=32681 KV=2049..2049 median=234.707 us symbol_match=False
decode C=16 rows=16 context=32682 KV=2050..2050 median=234.641 us symbol_match=False
decode C=16 rows=16 context=49017 KV=2049..2049 median=234.879 us symbol_match=False
decode C=16 rows=16 context=65356 KV=2048..2048 median=220.001 us symbol_match=False
verify C=16 rows=64 context=32679 KV=2048..2051 median=707.098 us symbol_match=False
verify C=16 rows=64 context=32680 KV=2048..2051 median=707.434 us symbol_match=False
verify C=16 rows=64 context=32681 KV=2048..2051 median=702.470 us symbol_match=False
verify C=16 rows=64 context=32682 KV=2048..2051 median=706.638 us symbol_match=False
verify C=16 rows=64 context=49017 KV=2048..2051 median=703.218 us symbol_match=False
verify C=16 rows=64 context=65356 KV=2048..2051 median=705.366 us symbol_match=False
