[aiter] import [module_aiter_core] under /var/home/my_InferenceX/InferenceX/local_bench_qwen3.8/qsa_hip_tuning/occupancy2/jit/module_aiter_core.so
[aiter] import [mha_varlen_fwd_bf16_nlogits_nbias_nmask_nlse_ndropout_nskip_nqscale] under /var/home/my_InferenceX/InferenceX/local_bench_qwen3.8/qsa_hip_tuning/occupancy2/jit/mha_varlen_fwd_bf16_nlogits_nbias_nmask_nlse_ndropout_nskip_nqscale.so
/opt/venv/lib/python3.12/site-packages/torch/profiler/profiler.py:224: UserWarning: Warning: Profiler clears events at the end of each cycle.Only events from the current cycle will be reported.To keep events across cycles, set acc_events=True.
  _warn_once(
[W928 11:13:00.116415140 collection.cpp:1148] Warning: ROCTracer produced duplicate flow start: 4 (function operator())
decode C= 1 rows= 1 context=32679 KV=2051..2051 median=167.543 us symbol_match=False
decode C= 1 rows= 1 context=32680 KV=2048..2048 median=162.617 us symbol_match=False
decode C= 1 rows= 1 context=32681 KV=2049..2049 median=167.033 us symbol_match=False
decode C= 1 rows= 1 context=32682 KV=2050..2050 median=167.487 us symbol_match=False
decode C= 1 rows= 1 context=49017 KV=2049..2049 median=167.245 us symbol_match=False
decode C= 1 rows= 1 context=65356 KV=2048..2048 median=162.847 us symbol_match=False
verify C= 1 rows= 4 context=32679 KV=2048..2051 median=170.809 us symbol_match=False
verify C= 1 rows= 4 context=32680 KV=2048..2051 median=170.733 us symbol_match=False
verify C= 1 rows= 4 context=32681 KV=2048..2051 median=170.955 us symbol_match=False
verify C= 1 rows= 4 context=32682 KV=2048..2051 median=170.809 us symbol_match=False
verify C= 1 rows= 4 context=49017 KV=2048..2051 median=170.905 us symbol_match=False
verify C= 1 rows= 4 context=65356 KV=2048..2051 median=170.793 us symbol_match=False
decode C= 4 rows= 4 context=32679 KV=2051..2051 median=171.165 us symbol_match=False
decode C= 4 rows= 4 context=32680 KV=2048..2048 median=165.643 us symbol_match=False
decode C= 4 rows= 4 context=32681 KV=2049..2049 median=170.699 us symbol_match=False
decode C= 4 rows= 4 context=32682 KV=2050..2050 median=170.883 us symbol_match=False
decode C= 4 rows= 4 context=49017 KV=2049..2049 median=170.995 us symbol_match=False
decode C= 4 rows= 4 context=65356 KV=2048..2048 median=165.627 us symbol_match=False
verify C= 4 rows=16 context=32679 KV=2048..2051 median=240.791 us symbol_match=False
verify C= 4 rows=16 context=32680 KV=2048..2051 median=240.275 us symbol_match=False
verify C= 4 rows=16 context=32681 KV=2048..2051 median=240.319 us symbol_match=False
verify C= 4 rows=16 context=32682 KV=2048..2051 median=239.079 us symbol_match=False
verify C= 4 rows=16 context=49017 KV=2048..2051 median=239.583 us symbol_match=False
verify C= 4 rows=16 context=65356 KV=2048..2051 median=240.041 us symbol_match=False
decode C= 8 rows= 8 context=32679 KV=2051..2051 median=171.803 us symbol_match=False
decode C= 8 rows= 8 context=32680 KV=2048..2048 median=166.281 us symbol_match=False
decode C= 8 rows= 8 context=32681 KV=2049..2049 median=171.655 us symbol_match=False
decode C= 8 rows= 8 context=32682 KV=2050..2050 median=171.707 us symbol_match=False
decode C= 8 rows= 8 context=49017 KV=2049..2049 median=171.775 us symbol_match=False
decode C= 8 rows= 8 context=65356 KV=2048..2048 median=166.161 us symbol_match=False
verify C= 8 rows=32 context=32679 KV=2048..2051 median=463.685 us symbol_match=False
verify C= 8 rows=32 context=32680 KV=2048..2051 median=463.403 us symbol_match=False
verify C= 8 rows=32 context=32681 KV=2048..2051 median=462.375 us symbol_match=False
verify C= 8 rows=32 context=32682 KV=2048..2051 median=463.353 us symbol_match=False
verify C= 8 rows=32 context=49017 KV=2048..2051 median=461.925 us symbol_match=False
verify C= 8 rows=32 context=65356 KV=2048..2051 median=463.299 us symbol_match=False
decode C=16 rows=16 context=32679 KV=2051..2051 median=239.719 us symbol_match=False
decode C=16 rows=16 context=32680 KV=2048..2048 median=233.057 us symbol_match=False
decode C=16 rows=16 context=32681 KV=2049..2049 median=240.053 us symbol_match=False
decode C=16 rows=16 context=32682 KV=2050..2050 median=240.457 us symbol_match=False
decode C=16 rows=16 context=49017 KV=2049..2049 median=240.075 us symbol_match=False
decode C=16 rows=16 context=65356 KV=2048..2048 median=233.273 us symbol_match=False
verify C=16 rows=64 context=32679 KV=2048..2051 median=800.902 us symbol_match=False
verify C=16 rows=64 context=32680 KV=2048..2051 median=800.068 us symbol_match=False
verify C=16 rows=64 context=32681 KV=2048..2051 median=798.240 us symbol_match=False
verify C=16 rows=64 context=32682 KV=2048..2051 median=799.992 us symbol_match=False
verify C=16 rows=64 context=49017 KV=2048..2051 median=798.238 us symbol_match=False
verify C=16 rows=64 context=65356 KV=2048..2051 median=800.432 us symbol_match=False
