[aiter] import [module_aiter_core] under /sgl-workspace/aiter/aiter/jit/module_aiter_core.so
INFER 1 input_type <class 'flydsl.expr.utils.arith.ArithValue'> expanded_type <class 'flydsl.expr.utils.arith.ArithValue'> expanded ArithValue(type=i32, op=arith.select)
INFER 2 input_type <class 'int'> expanded_type <class 'int'> expanded 8
INFER 3 input_type <class 'int'> expanded_type <class 'int'> expanded 1
INFER 4 input_type <class 'int'> expanded_type <class 'int'> expanded 8
INFER 5 input_type <class 'int'> expanded_type <class 'int'> expanded 0
INFER 6 input_type <class 'flydsl.expr.utils.arith.ArithValue'> expanded_type <class 'flydsl.expr.utils.arith.ArithValue'> expanded ArithValue(type=i64, op=arith.index_cast)
INFER 7 input_type <class 'int'> expanded_type <class 'int'> expanded 8
INFER 8 input_type <class 'int'> expanded_type <class 'int'> expanded 1
INFER 9 input_type <class 'int'> expanded_type <class 'int'> expanded 8
INFER 10 input_type <class 'int'> expanded_type <class 'int'> expanded 0
INFER 11 input_type <class 'flydsl.expr.utils.arith.ArithValue'> expanded_type <class 'flydsl.expr.utils.arith.ArithValue'> expanded ArithValue(type=i64, op=arith.index_cast)
INFER 12 input_type <class 'int'> expanded_type <class 'int'> expanded 1
INFER 13 input_type <class 'int'> expanded_type <class 'int'> expanded 1
INFER 14 input_type <class 'int'> expanded_type <class 'int'> expanded 1
INFER 15 input_type <class 'int'> expanded_type <class 'int'> expanded 0
INFER 16 input_type <class 'flydsl.expr.utils.arith.ArithValue'> expanded_type <class 'flydsl.expr.utils.arith.ArithValue'> expanded ArithValue(type=i64, op=arith.index_cast)
INFER 17 input_type <class 'int'> expanded_type <class 'int'> expanded 1
INFER 18 input_type <class 'int'> expanded_type <class 'int'> expanded 1
INFER 19 input_type <class 'int'> expanded_type <class 'int'> expanded 1
INFER 20 input_type <class 'int'> expanded_type <class 'int'> expanded 0
INFER 21 input_type <class 'flydsl.expr.utils.arith.ArithValue'> expanded_type <class 'flydsl.expr.utils.arith.ArithValue'> expanded ArithValue(type=i64, op=arith.index_cast)
INFER 22 input_type <class 'int'> expanded_type <class 'int'> expanded 1
INFER 23 input_type <class 'int'> expanded_type <class 'int'> expanded 1
INFER 24 input_type <class 'int'> expanded_type <class 'int'> expanded 1
INFER 25 input_type <class 'int'> expanded_type <class 'int'> expanded 0
INFER 26 input_type <class 'flydsl.expr.utils.arith.ArithValue'> expanded_type <class 'flydsl.expr.utils.arith.ArithValue'> expanded ArithValue(type=i64, op=arith.index_cast)
INFER 27 input_type <class 'int'> expanded_type <class 'int'> expanded 1
INFER 28 input_type <class 'int'> expanded_type <class 'int'> expanded 1
INFER 29 input_type <class 'int'> expanded_type <class 'int'> expanded 1
INFER 30 input_type <class 'int'> expanded_type <class 'int'> expanded 0
INFER 31 input_type Index expanded_type <class 'flydsl.expr.utils.arith.ArithValue'> expanded ArithValue(type=index, op=arith.addi)
