[aiter] import [module_aiter_core] under /sgl-workspace/aiter/aiter/jit/module_aiter_core.so
Traceback (most recent call last):
  File "/var/home/my_InferenceX/InferenceX/local_bench_qwen3.8/qsa_pa_decode_compare_20260928/verify_hc_index.py", line 16, in <module>
    t['test_correctness'](m,10240,320)
  File "/var/home/my_aiter/aiter/op_tests/test_flydsl_hc_mix.py", line 38, in test_correctness
    y = hc_mix(x, dp, up)
        ^^^^^^^^^^^^^^^^^
  File "/sgl-workspace/aiter/aiter/ops/flydsl/hc_mix.py", line 333, in hc_mix
    _launch(
  File "/opt/venv/lib/python3.12/site-packages/flydsl/compiler/jit_function.py", line 1541, in __call__
    self.func(**named_args)
  File "/sgl-workspace/aiter/aiter/ops/flydsl/hc_mix.py", line 271, in _launch
    _hc_up_silu(P, U, X, O, M, K, R, S, W).launch(
  File "/opt/venv/lib/python3.12/site-packages/flydsl/compiler/kernel_function.py", line 360, in launch
    kernel_name, kernel_args, gpu_func_op, smem_bytes = self._kernel_function._emit_kernel(
                                                        ^^^^^^^^^^^^^^^^^^^^^^^^^^^^^^^^^^^
  File "/opt/venv/lib/python3.12/site-packages/flydsl/compiler/kernel_function.py", line 602, in _emit_kernel
    self._func(**dsl_args)
  File "/sgl-workspace/aiter/aiter/ops/flydsl/hc_mix.py", line 202, in _hc_up_silu
    lds_typed_ptr(
TypeError: lds_typed_ptr() got an unexpected keyword argument 'byte_offset'
