[aiter] import [module_aiter_core] under /var/home/my_InferenceX/InferenceX/local_bench_qwen3.8/qsa_hip_tuning/post_sched/jit/module_aiter_core.so
[aiter] import [mha_varlen_fwd_bf16_nlogits_nbias_nmask_nlse_ndropout_nskip_nqscale] under /var/home/my_InferenceX/InferenceX/local_bench_qwen3.8/qsa_hip_tuning/post_sched/jit/mha_varlen_fwd_bf16_nlogits_nbias_nmask_nlse_ndropout_nskip_nqscale.so
/opt/venv/lib/python3.12/site-packages/torch/profiler/profiler.py:224: UserWarning: Warning: Profiler clears events at the end of each cycle.Only events from the current cycle will be reported.To keep events across cycles, set acc_events=True.
  _warn_once(
[W928 11:21:08.212820316 collection.cpp:1148] Warning: ROCTracer produced duplicate flow start: 4 (function operator())
decode C= 1 rows= 1 context=32679 KV=2051..2051 median=127.996 us symbol_match=True
decode C= 1 rows= 1 context=32680 KV=2048..2048 median=124.241 us symbol_match=True
decode C= 1 rows= 1 context=32681 KV=2049..2049 median=128.173 us symbol_match=True
decode C= 1 rows= 1 context=32682 KV=2050..2050 median=127.737 us symbol_match=True
decode C= 1 rows= 1 context=49017 KV=2049..2049 median=128.026 us symbol_match=True
decode C= 1 rows= 1 context=65356 KV=2048..2048 median=124.191 us symbol_match=True
verify C= 1 rows= 4 context=32679 KV=2048..2051 median=141.919 us symbol_match=True
verify C= 1 rows= 4 context=32680 KV=2048..2051 median=142.059 us symbol_match=True
verify C= 1 rows= 4 context=32681 KV=2048..2051 median=141.965 us symbol_match=True
verify C= 1 rows= 4 context=32682 KV=2048..2051 median=141.808 us symbol_match=True
verify C= 1 rows= 4 context=49017 KV=2048..2051 median=141.930 us symbol_match=True
verify C= 1 rows= 4 context=65356 KV=2048..2051 median=141.985 us symbol_match=True
decode C= 4 rows= 4 context=32679 KV=2051..2051 median=141.904 us symbol_match=True
decode C= 4 rows= 4 context=32680 KV=2048..2048 median=137.470 us symbol_match=True
decode C= 4 rows= 4 context=32681 KV=2049..2049 median=141.898 us symbol_match=True
decode C= 4 rows= 4 context=32682 KV=2050..2050 median=141.809 us symbol_match=True
decode C= 4 rows= 4 context=49017 KV=2049..2049 median=141.941 us symbol_match=True
decode C= 4 rows= 4 context=65356 KV=2048..2048 median=137.545 us symbol_match=True
verify C= 4 rows=16 context=32679 KV=2048..2051 median=281.719 us symbol_match=True
verify C= 4 rows=16 context=32680 KV=2048..2051 median=282.005 us symbol_match=True
verify C= 4 rows=16 context=32681 KV=2048..2051 median=281.542 us symbol_match=True
verify C= 4 rows=16 context=32682 KV=2048..2051 median=281.894 us symbol_match=True
verify C= 4 rows=16 context=49017 KV=2048..2051 median=281.662 us symbol_match=True
verify C= 4 rows=16 context=65356 KV=2048..2051 median=281.935 us symbol_match=True
decode C= 8 rows= 8 context=32679 KV=2051..2051 median=142.683 us symbol_match=True
decode C= 8 rows= 8 context=32680 KV=2048..2048 median=138.265 us symbol_match=True
decode C= 8 rows= 8 context=32681 KV=2049..2049 median=142.658 us symbol_match=True
decode C= 8 rows= 8 context=32682 KV=2050..2050 median=142.653 us symbol_match=True
decode C= 8 rows= 8 context=49017 KV=2049..2049 median=142.683 us symbol_match=True
decode C= 8 rows= 8 context=65356 KV=2048..2048 median=138.267 us symbol_match=True
verify C= 8 rows=32 context=32679 KV=2048..2051 median=424.659 us symbol_match=True
verify C= 8 rows=32 context=32680 KV=2048..2051 median=424.380 us symbol_match=True
verify C= 8 rows=32 context=32681 KV=2048..2051 median=423.808 us symbol_match=True
verify C= 8 rows=32 context=32682 KV=2048..2051 median=424.574 us symbol_match=True
verify C= 8 rows=32 context=49017 KV=2048..2051 median=424.042 us symbol_match=True
verify C= 8 rows=32 context=65356 KV=2048..2051 median=424.491 us symbol_match=True
decode C=16 rows=16 context=32679 KV=2051..2051 median=282.135 us symbol_match=True
decode C=16 rows=16 context=32680 KV=2048..2048 median=273.429 us symbol_match=True
decode C=16 rows=16 context=32681 KV=2049..2049 median=281.998 us symbol_match=True
decode C=16 rows=16 context=32682 KV=2050..2050 median=281.874 us symbol_match=True
decode C=16 rows=16 context=49017 KV=2049..2049 median=281.970 us symbol_match=True
decode C=16 rows=16 context=65356 KV=2048..2048 median=273.426 us symbol_match=True
verify C=16 rows=64 context=32679 KV=2048..2051 median=844.764 us symbol_match=True
verify C=16 rows=64 context=32680 KV=2048..2051 median=844.972 us symbol_match=True
verify C=16 rows=64 context=32681 KV=2048..2051 median=846.793 us symbol_match=True
verify C=16 rows=64 context=32682 KV=2048..2051 median=848.475 us symbol_match=True
verify C=16 rows=64 context=49017 KV=2048..2051 median=845.878 us symbol_match=True
verify C=16 rows=64 context=65356 KV=2048..2051 median=845.192 us symbol_match=True
