[aiter] import [module_aiter_core] under /var/home/my_InferenceX/InferenceX/local_bench_qwen3.8/qsa_hip_tuning/post_sched/jit/module_aiter_core.so
[aiter] import [mha_varlen_fwd_bf16_nlogits_nbias_nmask_nlse_ndropout_nskip_nqscale] under /var/home/my_InferenceX/InferenceX/local_bench_qwen3.8/qsa_hip_tuning/post_sched/jit/mha_varlen_fwd_bf16_nlogits_nbias_nmask_nlse_ndropout_nskip_nqscale.so
/opt/venv/lib/python3.12/site-packages/torch/profiler/profiler.py:224: UserWarning: Warning: Profiler clears events at the end of each cycle.Only events from the current cycle will be reported.To keep events across cycles, set acc_events=True.
  _warn_once(
[W928 11:11:44.062557868 collection.cpp:1148] Warning: ROCTracer produced duplicate flow start: 4 (function operator())
decode C= 1 rows= 1 context=32679 KV=2051..2051 median=127.069 us symbol_match=True
decode C= 1 rows= 1 context=32680 KV=2048..2048 median=123.867 us symbol_match=True
decode C= 1 rows= 1 context=32681 KV=2049..2049 median=126.895 us symbol_match=True
decode C= 1 rows= 1 context=32682 KV=2050..2050 median=127.533 us symbol_match=True
decode C= 1 rows= 1 context=49017 KV=2049..2049 median=127.313 us symbol_match=True
decode C= 1 rows= 1 context=65356 KV=2048..2048 median=123.593 us symbol_match=True
verify C= 1 rows= 4 context=32679 KV=2048..2051 median=141.861 us symbol_match=True
verify C= 1 rows= 4 context=32680 KV=2048..2051 median=141.925 us symbol_match=True
verify C= 1 rows= 4 context=32681 KV=2048..2051 median=141.977 us symbol_match=True
verify C= 1 rows= 4 context=32682 KV=2048..2051 median=141.975 us symbol_match=True
verify C= 1 rows= 4 context=49017 KV=2048..2051 median=141.945 us symbol_match=True
verify C= 1 rows= 4 context=65356 KV=2048..2051 median=142.099 us symbol_match=True
decode C= 4 rows= 4 context=32679 KV=2051..2051 median=142.089 us symbol_match=True
decode C= 4 rows= 4 context=32680 KV=2048..2048 median=137.549 us symbol_match=True
decode C= 4 rows= 4 context=32681 KV=2049..2049 median=142.031 us symbol_match=True
decode C= 4 rows= 4 context=32682 KV=2050..2050 median=141.905 us symbol_match=True
decode C= 4 rows= 4 context=49017 KV=2049..2049 median=142.001 us symbol_match=True
decode C= 4 rows= 4 context=65356 KV=2048..2048 median=137.643 us symbol_match=True
verify C= 4 rows=16 context=32679 KV=2048..2051 median=281.796 us symbol_match=True
verify C= 4 rows=16 context=32680 KV=2048..2051 median=282.094 us symbol_match=True
verify C= 4 rows=16 context=32681 KV=2048..2051 median=281.579 us symbol_match=True
verify C= 4 rows=16 context=32682 KV=2048..2051 median=281.758 us symbol_match=True
verify C= 4 rows=16 context=49017 KV=2048..2051 median=281.620 us symbol_match=True
verify C= 4 rows=16 context=65356 KV=2048..2051 median=281.902 us symbol_match=True
decode C= 8 rows= 8 context=32679 KV=2051..2051 median=142.821 us symbol_match=True
decode C= 8 rows= 8 context=32680 KV=2048..2048 median=138.367 us symbol_match=True
decode C= 8 rows= 8 context=32681 KV=2049..2049 median=142.765 us symbol_match=True
decode C= 8 rows= 8 context=32682 KV=2050..2050 median=142.703 us symbol_match=True
decode C= 8 rows= 8 context=49017 KV=2049..2049 median=142.791 us symbol_match=True
decode C= 8 rows= 8 context=65356 KV=2048..2048 median=138.327 us symbol_match=True
verify C= 8 rows=32 context=32679 KV=2048..2051 median=424.684 us symbol_match=True
verify C= 8 rows=32 context=32680 KV=2048..2051 median=424.484 us symbol_match=True
verify C= 8 rows=32 context=32681 KV=2048..2051 median=423.960 us symbol_match=True
verify C= 8 rows=32 context=32682 KV=2048..2051 median=424.654 us symbol_match=True
verify C= 8 rows=32 context=49017 KV=2048..2051 median=424.046 us symbol_match=True
verify C= 8 rows=32 context=65356 KV=2048..2051 median=424.338 us symbol_match=True
decode C=16 rows=16 context=32679 KV=2051..2051 median=282.084 us symbol_match=True
decode C=16 rows=16 context=32680 KV=2048..2048 median=273.354 us symbol_match=True
decode C=16 rows=16 context=32681 KV=2049..2049 median=282.070 us symbol_match=True
decode C=16 rows=16 context=32682 KV=2050..2050 median=281.958 us symbol_match=True
decode C=16 rows=16 context=49017 KV=2049..2049 median=282.044 us symbol_match=True
decode C=16 rows=16 context=65356 KV=2048..2048 median=273.442 us symbol_match=True
verify C=16 rows=64 context=32679 KV=2048..2051 median=848.747 us symbol_match=True
verify C=16 rows=64 context=32680 KV=2048..2051 median=847.691 us symbol_match=True
verify C=16 rows=64 context=32681 KV=2048..2051 median=843.743 us symbol_match=True
verify C=16 rows=64 context=32682 KV=2048..2051 median=848.639 us symbol_match=True
verify C=16 rows=64 context=49017 KV=2048..2051 median=844.233 us symbol_match=True
verify C=16 rows=64 context=65356 KV=2048..2051 median=848.963 us symbol_match=True
