START round=1 backend=baseline 2026-09-11T15:55:49Z
TRIAL round=1 backend=baseline trial=1 2026-09-11T15:57:51Z
TRIAL round=1 backend=baseline trial=2 2026-09-11T15:59:31Z
Stopping all-kernels server (PID=757592)...
Stopped all-kernels server.
DONE round=1 backend=baseline 2026-09-11T16:01:16Z
START round=1 backend=all 2026-09-11T16:01:16Z
TRIAL round=1 backend=all trial=1 2026-09-11T16:03:17Z
TRIAL round=1 backend=all trial=2 2026-09-11T16:04:56Z
Stopping all-kernels server (PID=768858)...
Stopped all-kernels server.
DONE round=1 backend=all 2026-09-11T16:06:42Z
START round=2 backend=all 2026-09-11T16:06:42Z
TRIAL round=2 backend=all trial=1 2026-09-11T16:08:44Z
TRIAL round=2 backend=all trial=2 2026-09-11T16:10:21Z
Stopping all-kernels server (PID=780304)...
Stopped all-kernels server.
DONE round=2 backend=all 2026-09-11T16:12:07Z
START round=2 backend=baseline 2026-09-11T16:12:07Z
TRIAL round=2 backend=baseline trial=1 2026-09-11T16:14:09Z
TRIAL round=2 backend=baseline trial=2 2026-09-11T16:15:49Z
Stopping all-kernels server (PID=791302)...
Stopped all-kernels server.
DONE round=2 backend=baseline 2026-09-11T16:17:33Z
START round=3 backend=baseline 2026-09-11T16:17:33Z
TRIAL round=3 backend=baseline trial=1 2026-09-11T16:19:39Z
TRIAL round=3 backend=baseline trial=2 2026-09-11T16:21:18Z
Stopping all-kernels server (PID=802806)...
Stopped all-kernels server.
DONE round=3 backend=baseline 2026-09-11T16:23:05Z
START round=3 backend=all 2026-09-11T16:23:05Z
TRIAL round=3 backend=all trial=1 2026-09-11T16:25:11Z
TRIAL round=3 backend=all trial=2 2026-09-11T16:26:50Z
Stopping all-kernels server (PID=813769)...
Stopped all-kernels server.
DONE round=3 backend=all 2026-09-11T16:28:33Z
ALL DONE 2026-09-11T16:28:33Z
