{
  "summary": {
    "e2e_s": {
      "baseline": {
        "mean": 218.78416304080747,
        "min": 216.89460877189413,
        "max": 220.67371730972081
      },
      "tuned": {
        "mean": 383.9491511725355,
        "min": 212.27935942495242,
        "max": 555.6189429201186
      },
      "change_percent": 75.49220466241955
    },
    "ttft_s": {
      "baseline": {
        "mean": 1.0333057164680213,
        "min": 1.0316012352705002,
        "max": 1.0350101976655424
      },
      "tuned": {
        "mean": 1.0315931809600443,
        "min": 1.0300963977351785,
        "max": 1.03308996418491
      },
      "change_percent": -0.1657336721053504
    },
    "tpot_ms": {
      "baseline": {
        "mean": 6.645431602659366,
        "min": 6.587817241023701,
        "max": 6.703045964295031
      },
      "tuned": {
        "mean": 11.6860731220916,
        "min": 6.447012635493553,
        "max": 16.925133608689645
      },
      "change_percent": 75.85122864578233
    },
    "output_throughput_tok_s": {
      "baseline": {
        "mean": 149.78421288513408,
        "min": 148.49055685097366,
        "max": 151.0778689192945
      },
      "tuned": {
        "mean": 106.6691017813294,
        "min": 58.97565974309522,
        "max": 154.36254381956357
      },
      "change_percent": -28.78481668616747
    }
  },
  "checks": {
    "identical_requests": true,
    "fixed_seed": 20260928,
    "profile": false,
    "trials_per_arm": 2,
    "identical_output_text": false,
    "server_argument_differences": {},
    "loaded_qsa": {
      "baseline": [
        {
          "pid": 252450,
          "libraries": [
            "/sgl-workspace/aiter/aiter/jit/mha_varlen_fwd_bf16_nlogits_nbias_nmask_nlse_ndropout_nskip_nqscale.so"
          ]
        }
      ],
      "baseline_repeat": [
        {
          "pid": 252450,
          "libraries": [
            "/sgl-workspace/aiter/aiter/jit/mha_varlen_fwd_bf16_nlogits_nbias_nmask_nlse_ndropout_nskip_nqscale.so"
          ]
        }
      ],
      "tuned": [
        {
          "pid": 266486,
          "libraries": [
            "/var/home/my_InferenceX/InferenceX/local_bench_qwen3.8/qsa_flags/micro/post_sched/jit/mha_varlen_fwd_bf16_nlogits_nbias_nmask_nlse_ndropout_nskip_nqscale.so"
          ]
        }
      ],
      "tuned_repeat": [
        {
          "pid": 266486,
          "libraries": [
            "/var/home/my_InferenceX/InferenceX/local_bench_qwen3.8/qsa_flags/micro/post_sched/jit/mha_varlen_fwd_bf16_nlogits_nbias_nmask_nlse_ndropout_nskip_nqscale.so"
          ]
        }
      ]
    }
  }
}
