START baseline 2026-09-17T14:20:44Z
TRIAL baseline osl=100 1 2026-09-17T14:23:00Z
TRIAL baseline osl=100 2 2026-09-17T14:24:09Z
TRIAL baseline osl=100 3 2026-09-17T14:25:18Z
TRIAL baseline osl=1024 1 2026-09-17T14:26:27Z
TRIAL baseline osl=1024 2 2026-09-17T14:28:10Z
TRIAL baseline osl=1024 3 2026-09-17T14:29:53Z
TRIAL baseline osl=2048 1 2026-09-17T14:31:37Z
TRIAL baseline osl=2048 2 2026-09-17T14:33:57Z
TRIAL baseline osl=2048 3 2026-09-17T14:36:18Z
Stopping comparison server (PID=388606)...
Stopped comparison server.
DONE baseline 2026-09-17T14:38:49Z
START gdn_decode 2026-09-17T14:38:49Z
TRIAL gdn_decode osl=100 1 2026-09-17T14:41:06Z
TRIAL gdn_decode osl=100 2 2026-09-17T14:42:14Z
TRIAL gdn_decode osl=100 3 2026-09-17T14:43:23Z
TRIAL gdn_decode osl=1024 1 2026-09-17T14:44:30Z
TRIAL gdn_decode osl=1024 2 2026-09-17T14:46:07Z
TRIAL gdn_decode osl=1024 3 2026-09-17T14:47:45Z
TRIAL gdn_decode osl=2048 1 2026-09-17T14:49:23Z
TRIAL gdn_decode osl=2048 2 2026-09-17T14:51:30Z
TRIAL gdn_decode osl=2048 3 2026-09-17T14:53:39Z
Stopping comparison server (PID=417772)...
Stopped comparison server.
DONE gdn_decode 2026-09-17T14:56:00Z
