passed 1: width=2 dtype=torch.bfloat16 layout='channel_last'
passed 2: width=2 dtype=torch.bfloat16 layout='channel_first'
passed 3: width=2 dtype=torch.bfloat16 layout='strided'
passed 4: width=2 dtype=torch.float16 layout='channel_last'
passed 5: width=2 dtype=torch.float16 layout='channel_first'
passed 6: width=2 dtype=torch.float16 layout='strided'
passed 7: width=2 dtype=torch.float32 layout='channel_last'
passed 8: width=2 dtype=torch.float32 layout='channel_first'
passed 9: width=2 dtype=torch.float32 layout='strided'
passed 10: width=3 dtype=torch.bfloat16 layout='channel_last'
passed 11: width=3 dtype=torch.bfloat16 layout='channel_first'
passed 12: width=3 dtype=torch.bfloat16 layout='strided'
passed 13: width=3 dtype=torch.float16 layout='channel_last'
passed 14: width=3 dtype=torch.float16 layout='channel_first'
passed 15: width=3 dtype=torch.float16 layout='strided'
passed 16: width=3 dtype=torch.float32 layout='channel_last'
passed 17: width=3 dtype=torch.float32 layout='channel_first'
passed 18: width=3 dtype=torch.float32 layout='strided'
passed 19: width=4 dtype=torch.bfloat16 layout='channel_last'
passed 20: width=4 dtype=torch.bfloat16 layout='channel_first'
passed 21: width=4 dtype=torch.bfloat16 layout='strided'
passed 22: width=4 dtype=torch.float16 layout='channel_last'
passed 23: width=4 dtype=torch.float16 layout='channel_first'
passed 24: width=4 dtype=torch.float16 layout='strided'
passed 25: width=4 dtype=torch.float32 layout='channel_last'
passed 26: width=4 dtype=torch.float32 layout='channel_first'
passed 27: width=4 dtype=torch.float32 layout='strided'
passed 28: width=5 dtype=torch.bfloat16 layout='channel_last'
passed 29: width=5 dtype=torch.bfloat16 layout='channel_first'
passed 30: width=5 dtype=torch.bfloat16 layout='strided'
passed 31: width=5 dtype=torch.float16 layout='channel_last'
passed 32: width=5 dtype=torch.float16 layout='channel_first'
passed 33: width=5 dtype=torch.float16 layout='strided'
passed 34: width=5 dtype=torch.float32 layout='channel_last'
passed 35: width=5 dtype=torch.float32 layout='channel_first'
passed 36: width=5 dtype=torch.float32 layout='strided'
passed paired 37: width=2 dtype=torch.bfloat16
passed paired 38: width=2 dtype=torch.float16
passed paired 39: width=2 dtype=torch.float32
passed paired 40: width=3 dtype=torch.bfloat16
passed paired 41: width=3 dtype=torch.float16
passed paired 42: width=3 dtype=torch.float32
passed paired 43: width=4 dtype=torch.bfloat16
passed paired 44: width=4 dtype=torch.float16
passed paired 45: width=4 dtype=torch.float32
passed paired 46: width=5 dtype=torch.bfloat16
passed paired 47: width=5 dtype=torch.float16
passed paired 48: width=5 dtype=torch.float32
{
  "device": "AMD Instinct MI350X",
  "correctness_cases": 52,
  "optional_state_checks": "passed",
  "torch_version": "2.9.1+rocm7.2.0.git7e1940d4",
  "hip_version": "7.2.26015-fc0010cf6a",
  "seed": 1234,
  "kernel_sha256": "54ed68638a7866e7a24bd6fa0849c9fc6629708db486de0ea28f4bf9e08d53b8"
}
