[aiter] import [module_aiter_core] under /var/home/my_InferenceX/InferenceX/local_bench_qwen3.8/qsa_hip_tuning/m32_w1/jit/module_aiter_core.so
[aiter] import [mha_varlen_fwd_bf16_nlogits_nbias_nmask_nlse_ndropout_nskip_nqscale] under /var/home/my_InferenceX/InferenceX/local_bench_qwen3.8/qsa_hip_tuning/m32_w1/jit/mha_varlen_fwd_bf16_nlogits_nbias_nmask_nlse_ndropout_nskip_nqscale.so
/opt/venv/lib/python3.12/site-packages/torch/profiler/profiler.py:224: UserWarning: Warning: Profiler clears events at the end of each cycle.Only events from the current cycle will be reported.To keep events across cycles, set acc_events=True.
  _warn_once(
[W928 11:14:15.389345777 collection.cpp:1148] Warning: ROCTracer produced duplicate flow start: 4 (function operator())
decode C= 1 rows= 1 context=32679 KV=2051..2051 median=149.003 us symbol_match=False
decode C= 1 rows= 1 context=32680 KV=2048..2048 median=144.447 us symbol_match=False
decode C= 1 rows= 1 context=32681 KV=2049..2049 median=149.201 us symbol_match=False
decode C= 1 rows= 1 context=32682 KV=2050..2050 median=149.137 us symbol_match=False
decode C= 1 rows= 1 context=49017 KV=2049..2049 median=149.165 us symbol_match=False
decode C= 1 rows= 1 context=65356 KV=2048..2048 median=144.329 us symbol_match=False
verify C= 1 rows= 4 context=32679 KV=2048..2051 median=170.251 us symbol_match=False
verify C= 1 rows= 4 context=32680 KV=2048..2051 median=170.305 us symbol_match=False
verify C= 1 rows= 4 context=32681 KV=2048..2051 median=170.373 us symbol_match=False
verify C= 1 rows= 4 context=32682 KV=2048..2051 median=170.107 us symbol_match=False
verify C= 1 rows= 4 context=49017 KV=2048..2051 median=169.901 us symbol_match=False
verify C= 1 rows= 4 context=65356 KV=2048..2051 median=170.087 us symbol_match=False
decode C= 4 rows= 4 context=32679 KV=2051..2051 median=170.415 us symbol_match=False
decode C= 4 rows= 4 context=32680 KV=2048..2048 median=165.243 us symbol_match=False
decode C= 4 rows= 4 context=32681 KV=2049..2049 median=170.079 us symbol_match=False
decode C= 4 rows= 4 context=32682 KV=2050..2050 median=170.189 us symbol_match=False
decode C= 4 rows= 4 context=49017 KV=2049..2049 median=170.393 us symbol_match=False
decode C= 4 rows= 4 context=65356 KV=2048..2048 median=165.143 us symbol_match=False
verify C= 4 rows=16 context=32679 KV=2048..2051 median=176.517 us symbol_match=False
verify C= 4 rows=16 context=32680 KV=2048..2051 median=176.317 us symbol_match=False
verify C= 4 rows=16 context=32681 KV=2048..2051 median=176.507 us symbol_match=False
verify C= 4 rows=16 context=32682 KV=2048..2051 median=176.715 us symbol_match=False
verify C= 4 rows=16 context=49017 KV=2048..2051 median=176.351 us symbol_match=False
verify C= 4 rows=16 context=65356 KV=2048..2051 median=176.587 us symbol_match=False
decode C= 8 rows= 8 context=32679 KV=2051..2051 median=170.909 us symbol_match=False
decode C= 8 rows= 8 context=32680 KV=2048..2048 median=165.849 us symbol_match=False
decode C= 8 rows= 8 context=32681 KV=2049..2049 median=170.913 us symbol_match=False
decode C= 8 rows= 8 context=32682 KV=2050..2050 median=170.697 us symbol_match=False
decode C= 8 rows= 8 context=49017 KV=2049..2049 median=170.747 us symbol_match=False
decode C= 8 rows= 8 context=65356 KV=2048..2048 median=165.663 us symbol_match=False
verify C= 8 rows=32 context=32679 KV=2048..2051 median=192.241 us symbol_match=False
verify C= 8 rows=32 context=32680 KV=2048..2051 median=192.233 us symbol_match=False
verify C= 8 rows=32 context=32681 KV=2048..2051 median=192.289 us symbol_match=False
verify C= 8 rows=32 context=32682 KV=2048..2051 median=192.507 us symbol_match=False
verify C= 8 rows=32 context=49017 KV=2048..2051 median=192.099 us symbol_match=False
verify C= 8 rows=32 context=65356 KV=2048..2051 median=192.231 us symbol_match=False
decode C=16 rows=16 context=32679 KV=2051..2051 median=176.645 us symbol_match=False
decode C=16 rows=16 context=32680 KV=2048..2048 median=171.329 us symbol_match=False
decode C=16 rows=16 context=32681 KV=2049..2049 median=176.579 us symbol_match=False
decode C=16 rows=16 context=32682 KV=2050..2050 median=176.625 us symbol_match=False
decode C=16 rows=16 context=49017 KV=2049..2049 median=176.573 us symbol_match=False
decode C=16 rows=16 context=65356 KV=2048..2048 median=171.351 us symbol_match=False
verify C=16 rows=64 context=32679 KV=2048..2051 median=393.844 us symbol_match=False
verify C=16 rows=64 context=32680 KV=2048..2051 median=394.504 us symbol_match=False
verify C=16 rows=64 context=32681 KV=2048..2051 median=392.724 us symbol_match=False
verify C=16 rows=64 context=32682 KV=2048..2051 median=393.712 us symbol_match=False
verify C=16 rows=64 context=49017 KV=2048..2051 median=393.014 us symbol_match=False
verify C=16 rows=64 context=65356 KV=2048..2051 median=393.974 us symbol_match=False
